
src/components/achievements/AchievementNotification.tsx(3,15): error TS7016: Could not find a declaration file for modu
le 'lucide-react/dist/esm/icons/x'. 'C:/Users/i.azelkhanov/Documents/inkmax/node_modules/lucide-react/dist/esm/icons/x.
js' implicitly has an 'any' type.
src/components/achievements/AchievementNotification.tsx(4,20): error TS7016: Could not find a declaration file for modu
le 'lucide-react/dist/esm/icons/trophy'. 'C:/Users/i.azelkhanov/Documents/inkmax/node_modules/lucide-react/dist/esm/ico
ns/trophy.js' implicitly has an 'any' type.
src/components/achievements/AchievementsPanel.tsx(4,20): error TS7016: Could not find a declaration file for module 'lu
cide-react/dist/esm/icons/trophy'. 'C:/Users/i.azelkhanov/Documents/inkmax/node_modules/lucide-react/dist/esm/icons/tro
phy.js' implicitly has an 'any' type.
src/components/achievements/AchievementsPanel.tsx(5,18): error TS7016: Could not find a declaration file for module 'lu
cide-react/dist/esm/icons/lock'. 'C:/Users/i.azelkhanov/Documents/inkmax/node_modules/lucide-react/dist/esm/icons/lock.
js' implicitly has an 'any' type.
src/components/achievements/AchievementsPanel.tsx(6,15): error TS7016: Could not find a declaration file for module 'lu
cide-react/dist/esm/icons/x'. 'C:/Users/i.azelkhanov/Documents/inkmax/node_modules/lucide-react/dist/esm/icons/x.js' im
plicitly has an 'any' type.
src/components/achievements/AchievementsPanel.tsx(7,26): error TS7016: Could not find a declaration file for module 'lu
cide-react/dist/esm/icons/chevron-right'. 'C:/Users/i.azelkhanov/Documents/inkmax/node_modules/lucide-react/dist/esm/ic
ons/chevron-right.js' implicitly has an 'any' type.
src/components/achievements/AchievementsPanel.tsx(8,22): error TS7016: Could not find a declaration file for module 'lu
cide-react/dist/esm/icons/sparkles'. 'C:/Users/i.azelkhanov/Documents/inkmax/node_modules/lucide-react/dist/esm/icons/s
parkles.js' implicitly has an 'any' type.
src/components/admin/AdminAnalyticsDashboard.tsx(13,21): error TS7016: Could not find a declaration file for module 'lu
cide-react/dist/esm/icons/loader-2'. 'C:/Users/i.azelkhanov/Documents/inkmax/node_modules/lucide-react/dist/esm/icons/l
oader-2.js' implicitly has an 'any' type.
src/components/admin/AdminAnalyticsDashboard.tsx(14,17): error TS7016: Could not find a declaration file for module 'lu
cide-react/dist/esm/icons/eye'. 'C:/Users/i.azelkhanov/Documents/inkmax/node_modules/lucide-react/dist/esm/icons/eye.js
' implicitly has an 'any' type.
src/components/admin/AdminAnalyticsDashboard.tsx(15,26): error TS7016: Could not find a declaration file for module 'lu
cide-react/dist/esm/icons/mouse-pointer'. 'C:/Users/i.azelkhanov/Documents/inkmax/node_modules/lucide-react/dist/esm/ic
ons/mouse-pointer.js' implicitly has an 'any' type.
src/components/admin/AdminAnalyticsDashboard.tsx(16,24): error TS7016: Could not find a declaration file for module 'lu
cide-react/dist/esm/icons/trending-up'. 'C:/Users/i.azelkhanov/Documents/inkmax/node_modules/lucide-react/dist/esm/icon
s/trending-up.js' implicitly has an 'any' type.
src/components/admin/AdminAnalyticsDashboard.tsx(17,26): error TS7016: Could not find a declaration file for module 'lu
cide-react/dist/esm/icons/trending-down'. 'C:/Users/i.azelkhanov/Documents/inkmax/node_modules/lucide-react/dist/esm/ic
ons/trending-down.js' implicitly has an 'any' type.
src/components/admin/AdminAnalyticsDashboard.tsx(18,19): error TS7016: Could not find a declaration file for module 'lu
cide-react/dist/esm/icons/users'. 'C:/Users/i.azelkhanov/Documents/inkmax/node_modules/lucide-react/dist/esm/icons/user
s.js' implicitly has an 'any' type.
src/components/admin/AdminAnalyticsDashboard.tsx(19,22): error TS7016: Could not find a declaration file for module 'lu
cide-react/dist/esm/icons/activity'. 'C:/Users/i.azelkhanov/Documents/inkmax/node_modules/lucide-react/dist/esm/icons/a
ctivity.js' implicitly has an 'any' type.
src/components/admin/AdminAnalyticsDashboard.tsx(20,22): error TS7016: Could not find a declaration file for module 'lu
cide-react/dist/esm/icons/calendar'. 'C:/Users/i.azelkhanov/Documents/inkmax/node_modules/lucide-react/dist/esm/icons/c
alendar.js' implicitly has an 'any' type.
src/components/admin/AdminAnalyticsDashboard.tsx(21,21): error TS7016: Could not find a declaration file for module 'lu
cide-react/dist/esm/icons/monitor'. 'C:/Users/i.azelkhanov/Documents/inkmax/node_modules/lucide-react/dist/esm/icons/mo
nitor.js' implicitly has an 'any' type.
src/components/admin/AdminAnalyticsDashboard.tsx(22,24): error TS7016: Could not find a declaration file for module 'lu
cide-react/dist/esm/icons/smartphone'. 'C:/Users/i.azelkhanov/Documents/inkmax/node_modules/lucide-react/dist/esm/icons
/smartphone.js' implicitly has an 'any' type.
src/components/admin/AdminAnalyticsDashboard.tsx(23,20): error TS7016: Could not find a declaration file for module 'lu
cide-react/dist/esm/icons/tablet'. 'C:/Users/i.azelkhanov/Documents/inkmax/node_modules/lucide-react/dist/esm/icons/tab
let.js' implicitly has an 'any' type.
src/components/admin/AdminAnalyticsDashboard.tsx(24,19): error TS7016: Could not find a declaration file for module 'lu
cide-react/dist/esm/icons/globe'. 'C:/Users/i.azelkhanov/Documents/inkmax/node_modules/lucide-react/dist/esm/icons/glob
e.js' implicitly has an 'any' type.
src/components/admin/AdminCharts.tsx(7,21): error TS7016: Could not find a declaration file for module 'lucide-react/di
st/esm/icons/loader-2'. 'C:/Users/i.azelkhanov/Documents/inkmax/node_modules/lucide-react/dist/esm/icons/loader-2.js' i
mplicitly has an 'any' type.
src/components/admin/AdminFintechTab.tsx(8,19): error TS7016: Could not find a declaration file for module 'lucide-reac
t/dist/esm/icons/check'. 'C:/Users/i.azelkhanov/Documents/inkmax/node_modules/lucide-react/dist/esm/icons/check.js' imp
licitly has an 'any' type.
src/components/admin/AdminFintechTab.tsx(9,15): error TS7016: Could not find a declaration file for module 'lucide-reac
t/dist/esm/icons/x'. 'C:/Users/i.azelkhanov/Documents/inkmax/node_modules/lucide-react/dist/esm/icons/x.js' implicitly 
has an 'any' type.
src/components/admin/AdminFintechTab.tsx(10,19): error TS7016: Could not find a declaration file for module 'lucide-rea
ct/dist/esm/icons/clock'. 'C:/Users/i.azelkhanov/Documents/inkmax/node_modules/lucide-react/dist/esm/icons/clock.js' im
plicitly has an 'any' type.
src/components/admin/AdminFintechTab.tsx(11,21): error TS7016: Could not find a declaration file for module 'lucide-rea
ct/dist/esm/icons/loader-2'. 'C:/Users/i.azelkhanov/Documents/inkmax/node_modules/lucide-react/dist/esm/icons/loader-2.
js' implicitly has an 'any' type.
src/components/admin/AdminOverviewTab.tsx(12,19): error TS7016: Could not find a declaration file for module 'lucide-re
act/dist/esm/icons/users'. 'C:/Users/i.azelkhanov/Documents/inkmax/node_modules/lucide-react/dist/esm/icons/users.js' i
mplicitly has an 'any' type.
src/components/admin/AdminOverviewTab.tsx(13,22): error TS7016: Could not find a declaration file for module 'lucide-re
act/dist/esm/icons/file-text'. 'C:/Users/i.azelkhanov/Documents/inkmax/node_modules/lucide-react/dist/esm/icons/file-te
xt.js' implicitly has an 'any' type.
src/components/admin/AdminOverviewTab.tsx(14,17): error TS7016: Could not find a declaration file for module 'lucide-re
act/dist/esm/icons/eye'. 'C:/Users/i.azelkhanov/Documents/inkmax/node_modules/lucide-react/dist/esm/icons/eye.js' impli
citly has an 'any' type.
src/components/admin/AdminOverviewTab.tsx(15,26): error TS7016: Could not find a declaration file for module 'lucide-re
act/dist/esm/icons/mouse-pointer'. 'C:/Users/i.azelkhanov/Documents/inkmax/node_modules/lucide-react/dist/esm/icons/mou
se-pointer.js' implicitly has an 'any' type.
src/components/admin/AdminOverviewTab.tsx(16,20): error TS7016: Could not find a declaration file for module 'lucide-re
act/dist/esm/icons/share-2'. 'C:/Users/i.azelkhanov/Documents/inkmax/node_modules/lucide-react/dist/esm/icons/share-2.j
s' implicitly has an 'any' type.
src/components/admin/AdminOverviewTab.tsx(17,24): error TS7016: Could not find a declaration file for module 'lucide-re
act/dist/esm/icons/trending-up'. 'C:/Users/i.azelkhanov/Documents/inkmax/node_modules/lucide-react/dist/esm/icons/trend
ing-up.js' implicitly has an 'any' type.
src/components/admin/AdminOverviewTab.tsx(18,22): error TS7016: Could not find a declaration file for module 'lucide-re
act/dist/esm/icons/calendar'. 'C:/Users/i.azelkhanov/Documents/inkmax/node_modules/lucide-react/dist/esm/icons/calendar
.js' implicitly has an 'any' type.
src/components/admin/AdminOverviewTab.tsx(19,18): error TS7016: Could not find a declaration file for module 'lucide-re
act/dist/esm/icons/star'. 'C:/Users/i.azelkhanov/Documents/inkmax/node_modules/lucide-react/dist/esm/icons/star.js' imp
licitly has an 'any' type.
src/components/admin/AdminOverviewTab.tsx(20,20): error TS7016: Could not find a declaration file for module 'lucide-re
act/dist/esm/icons/trophy'. 'C:/Users/i.azelkhanov/Documents/inkmax/node_modules/lucide-react/dist/esm/icons/trophy.js'
 implicitly has an 'any' type.
src/components/admin/AdminOverviewTab.tsx(21,19): error TS7016: Could not find a declaration file for module 'lucide-re
act/dist/esm/icons/flame'. 'C:/Users/i.azelkhanov/Documents/inkmax/node_modules/lucide-react/dist/esm/icons/flame.js' i
mplicitly has an 'any' type.
src/components/admin/AdminOverviewTab.tsx(22,27): error TS7016: Could not find a declaration file for module 'lucide-re
act/dist/esm/icons/message-square'. 'C:/Users/i.azelkhanov/Documents/inkmax/node_modules/lucide-react/dist/esm/icons/me
ssage-square.js' implicitly has an 'any' type.
src/components/admin/AdminOverviewTab.tsx(23,19): error TS7016: Could not find a declaration file for module 'lucide-re
act/dist/esm/icons/link-2'. 'C:/Users/i.azelkhanov/Documents/inkmax/node_modules/lucide-react/dist/esm/icons/link-2.js'
 implicitly has an 'any' type.
src/components/admin/AdminOverviewTab.tsx(24,22): error TS7016: Could not find a declaration file for module 'lucide-re
act/dist/esm/icons/user-plus'. 'C:/Users/i.azelkhanov/Documents/inkmax/node_modules/lucide-react/dist/esm/icons/user-pl
us.js' implicitly has an 'any' type.
src/components/admin/AdminOverviewTab.tsx(25,23): error TS7016: Could not find a declaration file for module 'lucide-re
act/dist/esm/icons/handshake'. 'C:/Users/i.azelkhanov/Documents/inkmax/node_modules/lucide-react/dist/esm/icons/handsha
ke.js' implicitly has an 'any' type.
src/components/admin/AdminOverviewTab.tsx(26,20): error TS7016: Could not find a declaration file for module 'lucide-re
act/dist/esm/icons/users-2'. 'C:/Users/i.azelkhanov/Documents/inkmax/node_modules/lucide-react/dist/esm/icons/users-2.j
s' implicitly has an 'any' type.
src/components/admin/AdminOverviewTab.tsx(27,20): error TS7016: Could not find a declaration file for module 'lucide-re
act/dist/esm/icons/target'. 'C:/Users/i.azelkhanov/Documents/inkmax/node_modules/lucide-react/dist/esm/icons/target.js'
 implicitly has an 'any' type.
src/components/admin/AdminOverviewTab.tsx(28,20): error TS7016: Could not find a declaration file for module 'lucide-re
act/dist/esm/icons/blocks'. 'C:/Users/i.azelkhanov/Documents/inkmax/node_modules/lucide-react/dist/esm/icons/blocks.js'
 implicitly has an 'any' type.
src/components/admin/AdminOverviewTab.tsx(29,19): error TS7016: Could not find a declaration file for module 'lucide-re
act/dist/esm/icons/globe'. 'C:/Users/i.azelkhanov/Documents/inkmax/node_modules/lucide-react/dist/esm/icons/globe.js' i
mplicitly has an 'any' type.
src/components/admin/AdminOverviewTab.tsx(30,23): error TS7016: Could not find a declaration file for module 'lucide-re
act/dist/esm/icons/refresh-cw'. 'C:/Users/i.azelkhanov/Documents/inkmax/node_modules/lucide-react/dist/esm/icons/refres
h-cw.js' implicitly has an 'any' type.
src/components/admin/AdminOverviewTab.tsx(31,21): error TS7016: Could not find a declaration file for module 'lucide-re
act/dist/esm/icons/loader-2'. 'C:/Users/i.azelkhanov/Documents/inkmax/node_modules/lucide-react/dist/esm/icons/loader-2
.js' implicitly has an 'any' type.
src/components/admin/AdminPagesTab.tsx(12,20): error TS7016: Could not find a declaration file for module 'lucide-react
/dist/esm/icons/search'. 'C:/Users/i.azelkhanov/Documents/inkmax/node_modules/lucide-react/dist/esm/icons/search.js' im
plicitly has an 'any' type.
src/components/admin/AdminPagesTab.tsx(13,23): error TS7016: Could not find a declaration file for module 'lucide-react
/dist/esm/icons/refresh-cw'. 'C:/Users/i.azelkhanov/Documents/inkmax/node_modules/lucide-react/dist/esm/icons/refresh-c
w.js' implicitly has an 'any' type.
src/components/admin/AdminPagesTab.tsx(14,17): error TS7016: Could not find a declaration file for module 'lucide-react
/dist/esm/icons/eye'. 'C:/Users/i.azelkhanov/Documents/inkmax/node_modules/lucide-react/dist/esm/icons/eye.js' implicit
ly has an 'any' type.
src/components/admin/AdminPagesTab.tsx(15,26): error TS7016: Could not find a declaration file for module 'lucide-react
/dist/esm/icons/external-link'. 'C:/Users/i.azelkhanov/Documents/inkmax/node_modules/lucide-react/dist/esm/icons/extern
al-link.js' implicitly has an 'any' type.
src/components/admin/AdminPartnersTab.tsx(26,18): error TS7016: Could not find a declaration file for module 'lucide-re
act/dist/esm/icons/plus'. 'C:/Users/i.azelkhanov/Documents/inkmax/node_modules/lucide-react/dist/esm/icons/plus.js' imp
licitly has an 'any' type.
src/components/admin/AdminPartnersTab.tsx(27,20): error TS7016: Could not find a declaration file for module 'lucide-re
act/dist/esm/icons/pencil'. 'C:/Users/i.azelkhanov/Documents/inkmax/node_modules/lucide-react/dist/esm/icons/pencil.js'
 implicitly has an 'any' type.
src/components/admin/AdminPartnersTab.tsx(28,20): error TS7016: Could not find a declaration file for module 'lucide-re
act/dist/esm/icons/trash-2'. 'C:/Users/i.azelkhanov/Documents/inkmax/node_modules/lucide-react/dist/esm/icons/trash-2.j
s' implicitly has an 'any' type.
src/components/admin/AdminPartnersTab.tsx(29,21): error TS7016: Could not find a declaration file for module 'lucide-re
act/dist/esm/icons/loader-2'. 'C:/Users/i.azelkhanov/Documents/inkmax/node_modules/lucide-react/dist/esm/icons/loader-2
.js' implicitly has an 'any' type.
src/components/admin/AdminPartnersTab.tsx(30,26): error TS7016: Could not find a declaration file for module 'lucide-re
act/dist/esm/icons/external-link'. 'C:/Users/i.azelkhanov/Documents/inkmax/node_modules/lucide-react/dist/esm/icons/ext
ernal-link.js' implicitly has an 'any' type.
src/components/admin/AdminPartnersTab.tsx(31,19): error TS7016: Could not find a declaration file for module 'lucide-re
act/dist/esm/icons/image'. 'C:/Users/i.azelkhanov/Documents/inkmax/node_modules/lucide-react/dist/esm/icons/image.js' i
mplicitly has an 'any' type.
src/components/admin/AdminPartnersTab.tsx(33,26): error TS7016: Could not find a declaration file for module 'lucide-re
act/dist/esm/icons/grip-vertical'. 'C:/Users/i.azelkhanov/Documents/inkmax/node_modules/lucide-react/dist/esm/icons/gri
p-vertical.js' implicitly has an 'any' type.
src/components/admin/AdminSearchDiagnosticsTab.tsx(16,20): error TS7016: Could not find a declaration file for module '
lucide-react/dist/esm/icons/search'. 'C:/Users/i.azelkhanov/Documents/inkmax/node_modules/lucide-react/dist/esm/icons/s
earch.js' implicitly has an 'any' type.
src/components/admin/AdminSearchDiagnosticsTab.tsx(17,19): error TS7016: Could not find a declaration file for module '
lucide-react/dist/esm/icons/globe'. 'C:/Users/i.azelkhanov/Documents/inkmax/node_modules/lucide-react/dist/esm/icons/gl
obe.js' implicitly has an 'any' type.
src/components/admin/AdminSearchDiagnosticsTab.tsx(18,19): error TS7016: Could not find a declaration file for module '
lucide-react/dist/esm/icons/file-x'. 'C:/Users/i.azelkhanov/Documents/inkmax/node_modules/lucide-react/dist/esm/icons/f
ile-x.js' implicitly has an 'any' type.
src/components/admin/AdminSearchDiagnosticsTab.tsx(19,27): error TS7016: Could not find a declaration file for module '
lucide-react/dist/esm/icons/alert-triangle'. 'C:/Users/i.azelkhanov/Documents/inkmax/node_modules/lucide-react/dist/esm
/icons/alert-triangle.js' implicitly has an 'any' type.
src/components/admin/AdminSearchDiagnosticsTab.tsx(20,17): error TS7016: Could not find a declaration file for module '
lucide-react/dist/esm/icons/eye'. 'C:/Users/i.azelkhanov/Documents/inkmax/node_modules/lucide-react/dist/esm/icons/eye.
js' implicitly has an 'any' type.
src/components/admin/AdminTemplatesTab.tsx(16,20): error TS7016: Could not find a declaration file for module 'lucide-r
eact/dist/esm/icons/search'. 'C:/Users/i.azelkhanov/Documents/inkmax/node_modules/lucide-react/dist/esm/icons/search.js
' implicitly has an 'any' type.
src/components/admin/AdminTemplatesTab.tsx(17,23): error TS7016: Could not find a declaration file for module 'lucide-r
eact/dist/esm/icons/refresh-cw'. 'C:/Users/i.azelkhanov/Documents/inkmax/node_modules/lucide-react/dist/esm/icons/refre
sh-cw.js' implicitly has an 'any' type.
src/components/admin/AdminTemplatesTab.tsx(18,18): error TS7016: Could not find a declaration file for module 'lucide-r
eact/dist/esm/icons/plus'. 'C:/Users/i.azelkhanov/Documents/inkmax/node_modules/lucide-react/dist/esm/icons/plus.js' im
plicitly has an 'any' type.
src/components/admin/AdminTemplatesTab.tsx(19,18): error TS7016: Could not find a declaration file for module 'lucide-r
eact/dist/esm/icons/edit'. 'C:/Users/i.azelkhanov/Documents/inkmax/node_modules/lucide-react/dist/esm/icons/edit.js' im
plicitly has an 'any' type.
src/components/admin/AdminTemplatesTab.tsx(20,20): error TS7016: Could not find a declaration file for module 'lucide-r
eact/dist/esm/icons/trash-2'. 'C:/Users/i.azelkhanov/Documents/inkmax/node_modules/lucide-react/dist/esm/icons/trash-2.
js' implicitly has an 'any' type.
src/components/admin/AdminTokensTab.tsx(17,19): error TS7016: Could not find a declaration file for module 'lucide-reac
t/dist/esm/icons/coins'. 'C:/Users/i.azelkhanov/Documents/inkmax/node_modules/lucide-react/dist/esm/icons/coins.js' imp
licitly has an 'any' type.
src/components/admin/AdminTokensTab.tsx(18,24): error TS7016: Could not find a declaration file for module 'lucide-reac
t/dist/esm/icons/trending-up'. 'C:/Users/i.azelkhanov/Documents/inkmax/node_modules/lucide-react/dist/esm/icons/trendin
g-up.js' implicitly has an 'any' type.
src/components/admin/AdminTokensTab.tsx(19,26): error TS7016: Could not find a declaration file for module 'lucide-reac
t/dist/esm/icons/trending-down'. 'C:/Users/i.azelkhanov/Documents/inkmax/node_modules/lucide-react/dist/esm/icons/trend
ing-down.js' implicitly has an 'any' type.
src/components/admin/AdminTokensTab.tsx(20,28): error TS7016: Could not find a declaration file for module 'lucide-reac
t/dist/esm/icons/arrow-right-left'. 'C:/Users/i.azelkhanov/Documents/inkmax/node_modules/lucide-react/dist/esm/icons/ar
row-right-left.js' implicitly has an 'any' type.
src/components/admin/AdminTokensTab.tsx(21,19): error TS7016: Could not find a declaration file for module 'lucide-reac
t/dist/esm/icons/crown'. 'C:/Users/i.azelkhanov/Documents/inkmax/node_modules/lucide-react/dist/esm/icons/crown.js' imp
licitly has an 'any' type.
src/components/admin/AdminTokensTab.tsx(22,26): error TS7016: Could not find a declaration file for module 'lucide-reac
t/dist/esm/icons/shopping-cart'. 'C:/Users/i.azelkhanov/Documents/inkmax/node_modules/lucide-react/dist/esm/icons/shopp
ing-cart.js' implicitly has an 'any' type.
src/components/admin/AdminTokensTab.tsx(23,22): error TS7016: Could not find a declaration file for module 'lucide-reac
t/dist/esm/icons/file-text'. 'C:/Users/i.azelkhanov/Documents/inkmax/node_modules/lucide-react/dist/esm/icons/file-text
.js' implicitly has an 'any' type.
src/components/admin/AdminTokensTab.tsx(24,19): error TS7016: Could not find a declaration file for module 'lucide-reac
t/dist/esm/icons/clock'. 'C:/Users/i.azelkhanov/Documents/inkmax/node_modules/lucide-react/dist/esm/icons/clock.js' imp
licitly has an 'any' type.
src/components/admin/AdminTokensTab.tsx(25,25): error TS7016: Could not find a declaration file for module 'lucide-reac
t/dist/esm/icons/check-circle'. 'C:/Users/i.azelkhanov/Documents/inkmax/node_modules/lucide-react/dist/esm/icons/check-
circle.js' implicitly has an 'any' type.
src/components/admin/AdminTokensTab.tsx(26,21): error TS7016: Could not find a declaration file for module 'lucide-reac
t/dist/esm/icons/x-circle'. 'C:/Users/i.azelkhanov/Documents/inkmax/node_modules/lucide-react/dist/esm/icons/x-circle.j
s' implicitly has an 'any' type.
src/components/admin/AdminTokensTab.tsx(27,20): error TS7016: Could not find a declaration file for module 'lucide-reac
t/dist/esm/icons/wallet'. 'C:/Users/i.azelkhanov/Documents/inkmax/node_modules/lucide-react/dist/esm/icons/wallet.js' i
mplicitly has an 'any' type.
src/components/admin/AdminTokensTab.tsx(28,23): error TS7016: Could not find a declaration file for module 'lucide-reac
t/dist/esm/icons/piggy-bank'. 'C:/Users/i.azelkhanov/Documents/inkmax/node_modules/lucide-react/dist/esm/icons/piggy-ba
nk.js' implicitly has an 'any' type.
src/components/admin/AdminTokensTab.tsx(29,23): error TS7016: Could not find a declaration file for module 'lucide-reac
t/dist/esm/icons/bar-chart-3'. 'C:/Users/i.azelkhanov/Documents/inkmax/node_modules/lucide-react/dist/esm/icons/bar-cha
rt-3.js' implicitly has an 'any' type.
src/components/admin/AdminTokensTab.tsx(30,19): error TS7016: Could not find a declaration file for module 'lucide-reac
t/dist/esm/icons/users'. 'C:/Users/i.azelkhanov/Documents/inkmax/node_modules/lucide-react/dist/esm/icons/users.js' imp
licitly has an 'any' type.
src/components/admin/AdminTokensTab.tsx(31,24): error TS7016: Could not find a declaration file for module 'lucide-reac
t/dist/esm/icons/dollar-sign'. 'C:/Users/i.azelkhanov/Documents/inkmax/node_modules/lucide-react/dist/esm/icons/dollar-
sign.js' implicitly has an 'any' type.
src/components/admin/AdminUsersTab.tsx(13,20): error TS7016: Could not find a declaration file for module 'lucide-react
/dist/esm/icons/search'. 'C:/Users/i.azelkhanov/Documents/inkmax/node_modules/lucide-react/dist/esm/icons/search.js' im
plicitly has an 'any' type.
src/components/admin/AdminUsersTab.tsx(14,21): error TS7016: Could not find a declaration file for module 'lucide-react
/dist/esm/icons/loader-2'. 'C:/Users/i.azelkhanov/Documents/inkmax/node_modules/lucide-react/dist/esm/icons/loader-2.js
' implicitly has an 'any' type.
src/components/admin/AdminUsersTab.tsx(15,23): error TS7016: Could not find a declaration file for module 'lucide-react
/dist/esm/icons/refresh-cw'. 'C:/Users/i.azelkhanov/Documents/inkmax/node_modules/lucide-react/dist/esm/icons/refresh-c
w.js' implicitly has an 'any' type.
src/components/admin/AdminUsersTab.tsx(16,19): error TS7016: Could not find a declaration file for module 'lucide-react
/dist/esm/icons/flame'. 'C:/Users/i.azelkhanov/Documents/inkmax/node_modules/lucide-react/dist/esm/icons/flame.js' impl
icitly has an 'any' type.
src/components/admin/AdminUsersTab.tsx(17,24): error TS7016: Could not find a declaration file for module 'lucide-react
/dist/esm/icons/badge-check'. 'C:/Users/i.azelkhanov/Documents/inkmax/node_modules/lucide-react/dist/esm/icons/badge-ch
eck.js' implicitly has an 'any' type.
src/components/admin/AdminUsersTab.tsx(165,43): error TS7006: Parameter 'v' implicitly has an 'any' type.
src/components/admin/AdminUsersTab.tsx(179,49): error TS7006: Parameter 'v' implicitly has an 'any' type.
src/components/admin/AdminUsersTab.tsx(192,49): error TS7006: Parameter 'v' implicitly has an 'any' type.
src/components/admin/AdminVerificationPanel.tsx(10,20): error TS7016: Could not find a declaration file for module 'luc
ide-react/dist/esm/icons/shield'. 'C:/Users/i.azelkhanov/Documents/inkmax/node_modules/lucide-react/dist/esm/icons/shie
ld.js' implicitly has an 'any' type.
src/components/admin/AdminVerificationPanel.tsx(11,26): error TS7016: Could not find a declaration file for module 'luc
ide-react/dist/esm/icons/check-circle-2'. 'C:/Users/i.azelkhanov/Documents/inkmax/node_modules/lucide-react/dist/esm/ic
ons/check-circle-2.js' implicitly has an 'any' type.
src/components/admin/AdminVerificationPanel.tsx(12,21): error TS7016: Could not find a declaration file for module 'luc
ide-react/dist/esm/icons/x-circle'. 'C:/Users/i.azelkhanov/Documents/inkmax/node_modules/lucide-react/dist/esm/icons/x-
circle.js' implicitly has an 'any' type.
src/components/admin/AdminVerificationPanel.tsx(13,19): error TS7016: Could not find a declaration file for module 'luc
ide-react/dist/esm/icons/clock'. 'C:/Users/i.azelkhanov/Documents/inkmax/node_modules/lucide-react/dist/esm/icons/clock
.js' implicitly has an 'any' type.
src/components/admin/AdminVerificationPanel.tsx(14,18): error TS7016: Could not find a declaration file for module 'luc
ide-react/dist/esm/icons/user'. 'C:/Users/i.azelkhanov/Documents/inkmax/node_modules/lucide-react/dist/esm/icons/user.j
s' implicitly has an 'any' type.
src/components/admin/AdminVerificationPanel.tsx(15,23): error TS7016: Could not find a declaration file for module 'luc
ide-react/dist/esm/icons/building-2'. 'C:/Users/i.azelkhanov/Documents/inkmax/node_modules/lucide-react/dist/esm/icons/
building-2.js' implicitly has an 'any' type.
src/components/admin/AdminVerificationPanel.tsx(16,26): error TS7016: Could not find a declaration file for module 'luc
ide-react/dist/esm/icons/external-link'. 'C:/Users/i.azelkhanov/Documents/inkmax/node_modules/lucide-react/dist/esm/ico
ns/external-link.js' implicitly has an 'any' type.
src/components/admin/AdminVerificationPanel.tsx(17,21): error TS7016: Could not find a declaration file for module 'luc
ide-react/dist/esm/icons/loader-2'. 'C:/Users/i.azelkhanov/Documents/inkmax/node_modules/lucide-react/dist/esm/icons/lo
ader-2.js' implicitly has an 'any' type.
src/components/admin/AdminVerificationPanel.tsx(18,17): error TS7016: Could not find a declaration file for module 'luc
ide-react/dist/esm/icons/eye'. 'C:/Users/i.azelkhanov/Documents/inkmax/node_modules/lucide-react/dist/esm/icons/eye.js'
 implicitly has an 'any' type.
src/components/admin/AnalyticsFilterPanel.tsx(17,15): error TS7016: Could not find a declaration file for module 'lucid
e-react/dist/esm/icons/x'. 'C:/Users/i.azelkhanov/Documents/inkmax/node_modules/lucide-react/dist/esm/icons/x.js' impli
citly has an 'any' type.
src/components/admin/AnalyticsFilterPanel.tsx(18,20): error TS7016: Could not find a declaration file for module 'lucid
e-react/dist/esm/icons/filter'. 'C:/Users/i.azelkhanov/Documents/inkmax/node_modules/lucide-react/dist/esm/icons/filter
.js' implicitly has an 'any' type.
src/components/admin/LanguageUploadDialog.tsx(11,20): error TS7016: Could not find a declaration file for module 'lucid
e-react/dist/esm/icons/upload'. 'C:/Users/i.azelkhanov/Documents/inkmax/node_modules/lucide-react/dist/esm/icons/upload
.js' implicitly has an 'any' type.
src/components/admin/LanguageUploadDialog.tsx(12,22): error TS7016: Could not find a declaration file for module 'lucid
e-react/dist/esm/icons/file-json'. 'C:/Users/i.azelkhanov/Documents/inkmax/node_modules/lucide-react/dist/esm/icons/fil
e-json.js' implicitly has an 'any' type.
src/components/admin/LanguageUploadDialog.tsx(13,25): error TS7016: Could not find a declaration file for module 'lucid
e-react/dist/esm/icons/check-circle'. 'C:/Users/i.azelkhanov/Documents/inkmax/node_modules/lucide-react/dist/esm/icons/
check-circle.js' implicitly has an 'any' type.
src/components/admin/LanguageUploadDialog.tsx(14,27): error TS7016: Could not find a declaration file for module 'lucid
e-react/dist/esm/icons/alert-triangle'. 'C:/Users/i.azelkhanov/Documents/inkmax/node_modules/lucide-react/dist/esm/icon
s/alert-triangle.js' implicitly has an 'any' type.
src/components/admin/LanguageUploadDialog.tsx(15,21): error TS7016: Could not find a declaration file for module 'lucid
e-react/dist/esm/icons/x-circle'. 'C:/Users/i.azelkhanov/Documents/inkmax/node_modules/lucide-react/dist/esm/icons/x-ci
rcle.js' implicitly has an 'any' type.
src/components/admin/LanguageUploadDialog.tsx(16,21): error TS7016: Could not find a declaration file for module 'lucid
e-react/dist/esm/icons/loader-2'. 'C:/Users/i.azelkhanov/Documents/inkmax/node_modules/lucide-react/dist/esm/icons/load
er-2.js' implicitly has an 'any' type.
src/components/admin/UserTierManager.tsx(15,20): error TS7016: Could not find a declaration file for module 'lucide-rea
ct/dist/esm/icons/search'. 'C:/Users/i.azelkhanov/Documents/inkmax/node_modules/lucide-react/dist/esm/icons/search.js' 
implicitly has an 'any' type.
src/components/admin/UserTierManager.tsx(16,21): error TS7016: Could not find a declaration file for module 'lucide-rea
ct/dist/esm/icons/loader-2'. 'C:/Users/i.azelkhanov/Documents/inkmax/node_modules/lucide-react/dist/esm/icons/loader-2.
js' implicitly has an 'any' type.
src/components/admin/UserTierManager.tsx(17,19): error TS7016: Could not find a declaration file for module 'lucide-rea
ct/dist/esm/icons/crown'. 'C:/Users/i.azelkhanov/Documents/inkmax/node_modules/lucide-react/dist/esm/icons/crown.js' im
plicitly has an 'any' type.
src/components/admin/UserTierManager.tsx(18,18): error TS7016: Could not find a declaration file for module 'lucide-rea
ct/dist/esm/icons/edit'. 'C:/Users/i.azelkhanov/Documents/inkmax/node_modules/lucide-react/dist/esm/icons/edit.js' impl
icitly has an 'any' type.
src/components/admin/UserTierManager.tsx(19,22): error TS7016: Could not find a declaration file for module 'lucide-rea
ct/dist/esm/icons/calendar'. 'C:/Users/i.azelkhanov/Documents/inkmax/node_modules/lucide-react/dist/esm/icons/calendar.
js' implicitly has an 'any' type.
src/components/admin/UserTierManager.tsx(20,18): error TS7016: Could not find a declaration file for module 'lucide-rea
ct/dist/esm/icons/user'. 'C:/Users/i.azelkhanov/Documents/inkmax/node_modules/lucide-react/dist/esm/icons/user.js' impl
icitly has an 'any' type.
src/components/admin/UserTierManager.tsx(21,23): error TS7016: Could not find a declaration file for module 'lucide-rea
ct/dist/esm/icons/refresh-cw'. 'C:/Users/i.azelkhanov/Documents/inkmax/node_modules/lucide-react/dist/esm/icons/refresh
-cw.js' implicitly has an 'any' type.
src/components/admin/UserTierManager.tsx(22,20): error TS7016: Could not find a declaration file for module 'lucide-rea
ct/dist/esm/icons/shield'. 'C:/Users/i.azelkhanov/Documents/inkmax/node_modules/lucide-react/dist/esm/icons/shield.js' 
implicitly has an 'any' type.
src/components/analytics/AIInsightsPanel.tsx(19,23): error TS7016: Could not find a declaration file for module 'lucide
-react/dist/esm/icons/lightbulb'. 'C:/Users/i.azelkhanov/Documents/inkmax/node_modules/lucide-react/dist/esm/icons/ligh
tbulb.js' implicitly has an 'any' type.
src/components/analytics/AIInsightsPanel.tsx(20,24): error TS7016: Could not find a declaration file for module 'lucide
-react/dist/esm/icons/trending-up'. 'C:/Users/i.azelkhanov/Documents/inkmax/node_modules/lucide-react/dist/esm/icons/tr
ending-up.js' implicitly has an 'any' type.
src/components/analytics/AIInsightsPanel.tsx(21,26): error TS7016: Could not find a declaration file for module 'lucide
-react/dist/esm/icons/trending-down'. 'C:/Users/i.azelkhanov/Documents/inkmax/node_modules/lucide-react/dist/esm/icons/
trending-down.js' implicitly has an 'any' type.
src/components/analytics/AIInsightsPanel.tsx(22,22): error TS7016: Could not find a declaration file for module 'lucide
-react/dist/esm/icons/sparkles'. 'C:/Users/i.azelkhanov/Documents/inkmax/node_modules/lucide-react/dist/esm/icons/spark
les.js' implicitly has an 'any' type.
src/components/analytics/AIInsightsPanel.tsx(23,24): error TS7016: Could not find a declaration file for module 'lucide
-react/dist/esm/icons/arrow-right'. 'C:/Users/i.azelkhanov/Documents/inkmax/node_modules/lucide-react/dist/esm/icons/ar
row-right.js' implicitly has an 'any' type.
src/components/analytics/AIInsightsPanel.tsx(24,19): error TS7016: Could not find a declaration file for module 'lucide
-react/dist/esm/icons/check'. 'C:/Users/i.azelkhanov/Documents/inkmax/node_modules/lucide-react/dist/esm/icons/check.js
' implicitly has an 'any' type.
src/components/analytics/AIInsightsPanel.tsx(25,15): error TS7016: Could not find a declaration file for module 'lucide
-react/dist/esm/icons/x'. 'C:/Users/i.azelkhanov/Documents/inkmax/node_modules/lucide-react/dist/esm/icons/x.js' implic
itly has an 'any' type.
src/components/analytics/AIInsightsPanel.tsx(26,17): error TS7016: Could not find a declaration file for module 'lucide
-react/dist/esm/icons/eye'. 'C:/Users/i.azelkhanov/Documents/inkmax/node_modules/lucide-react/dist/esm/icons/eye.js' im
plicitly has an 'any' type.
src/components/analytics/AIInsightsPanel.tsx(27,26): error TS7016: Could not find a declaration file for module 'lucide
-react/dist/esm/icons/mouse-pointer'. 'C:/Users/i.azelkhanov/Documents/inkmax/node_modules/lucide-react/dist/esm/icons/
mouse-pointer.js' implicitly has an 'any' type.
src/components/analytics/AIInsightsPanel.tsx(28,20): error TS7016: Could not find a declaration file for module 'lucide
-react/dist/esm/icons/share-2'. 'C:/Users/i.azelkhanov/Documents/inkmax/node_modules/lucide-react/dist/esm/icons/share-
2.js' implicitly has an 'any' type.
src/components/analytics/AIInsightsPanel.tsx(29,23): error TS7016: Could not find a declaration file for module 'lucide
-react/dist/esm/icons/refresh-cw'. 'C:/Users/i.azelkhanov/Documents/inkmax/node_modules/lucide-react/dist/esm/icons/ref
resh-cw.js' implicitly has an 'any' type.
src/components/analytics/AIInsightsPanel.tsx(30,21): error TS7016: Could not find a declaration file for module 'lucide
-react/dist/esm/icons/loader-2'. 'C:/Users/i.azelkhanov/Documents/inkmax/node_modules/lucide-react/dist/esm/icons/loade
r-2.js' implicitly has an 'any' type.
src/components/analytics/AIInsightsPanel.tsx(31,19): error TS7016: Could not find a declaration file for module 'lucide
-react/dist/esm/icons/wand-2'. 'C:/Users/i.azelkhanov/Documents/inkmax/node_modules/lucide-react/dist/esm/icons/wand-2.
js' implicitly has an 'any' type.
src/components/analytics/AIInsightsPanel.tsx(32,18): error TS7016: Could not find a declaration file for module 'lucide
-react/dist/esm/icons/plus'. 'C:/Users/i.azelkhanov/Documents/inkmax/node_modules/lucide-react/dist/esm/icons/plus.js' 
implicitly has an 'any' type.
src/components/analytics/AIInsightsPanel.tsx(33,20): error TS7016: Could not find a declaration file for module 'lucide
-react/dist/esm/icons/trash-2'. 'C:/Users/i.azelkhanov/Documents/inkmax/node_modules/lucide-react/dist/esm/icons/trash-
2.js' implicitly has an 'any' type.
src/components/analytics/AIInsightsPanel.tsx(34,19): error TS7016: Could not find a declaration file for module 'lucide
-react/dist/esm/icons/edit-2'. 'C:/Users/i.azelkhanov/Documents/inkmax/node_modules/lucide-react/dist/esm/icons/edit-2.
js' implicitly has an 'any' type.
src/components/auth/TelegramVerification.tsx(6,19): error TS7016: Could not find a declaration file for module 'lucide-
react/dist/esm/icons/check'. 'C:/Users/i.azelkhanov/Documents/inkmax/node_modules/lucide-react/dist/esm/icons/check.js'
 implicitly has an 'any' type.
src/components/auth/TelegramVerification.tsx(7,21): error TS7016: Could not find a declaration file for module 'lucide-
react/dist/esm/icons/loader-2'. 'C:/Users/i.azelkhanov/Documents/inkmax/node_modules/lucide-react/dist/esm/icons/loader
-2.js' implicitly has an 'any' type.
src/components/auth/TelegramVerification.tsx(8,27): error TS7016: Could not find a declaration file for module 'lucide-
react/dist/esm/icons/message-circle'. 'C:/Users/i.azelkhanov/Documents/inkmax/node_modules/lucide-react/dist/esm/icons/
message-circle.js' implicitly has an 'any' type.
src/components/auth/TelegramVerification.tsx(9,23): error TS7016: Could not find a declaration file for module 'lucide-
react/dist/esm/icons/arrow-left'. 'C:/Users/i.azelkhanov/Documents/inkmax/node_modules/lucide-react/dist/esm/icons/arro
w-left.js' implicitly has an 'any' type.
src/components/auth/TelegramVerification.tsx(10,25): error TS7016: Could not find a declaration file for module 'lucide
-react/dist/esm/icons/alert-circle'. 'C:/Users/i.azelkhanov/Documents/inkmax/node_modules/lucide-react/dist/esm/icons/a
lert-circle.js' implicitly has an 'any' type.
src/components/auth/TelegramVerification.tsx(11,18): error TS7016: Could not find a declaration file for module 'lucide
-react/dist/esm/icons/copy'. 'C:/Users/i.azelkhanov/Documents/inkmax/node_modules/lucide-react/dist/esm/icons/copy.js' 
implicitly has an 'any' type.
src/components/auth/TelegramVerification.tsx(12,26): error TS7016: Could not find a declaration file for module 'lucide
-react/dist/esm/icons/external-link'. 'C:/Users/i.azelkhanov/Documents/inkmax/node_modules/lucide-react/dist/esm/icons/
external-link.js' implicitly has an 'any' type.
src/components/billing/FreemiumAILimit.tsx(3,22): error TS7016: Could not find a declaration file for module 'lucide-re
act/dist/esm/icons/sparkles'. 'C:/Users/i.azelkhanov/Documents/inkmax/node_modules/lucide-react/dist/esm/icons/sparkles
.js' implicitly has an 'any' type.
src/components/billing/FreemiumAILimit.tsx(4,19): error TS7016: Could not find a declaration file for module 'lucide-re
act/dist/esm/icons/crown'. 'C:/Users/i.azelkhanov/Documents/inkmax/node_modules/lucide-react/dist/esm/icons/crown.js' i
mplicitly has an 'any' type.
src/components/billing/FreemiumAILimit.tsx(5,18): error TS7016: Could not find a declaration file for module 'lucide-re
act/dist/esm/icons/lock'. 'C:/Users/i.azelkhanov/Documents/inkmax/node_modules/lucide-react/dist/esm/icons/lock.js' imp
licitly has an 'any' type.
src/components/billing/FreemiumBlockLimit.tsx(3,27): error TS7016: Could not find a declaration file for module 'lucide
-react/dist/esm/icons/alert-triangle'. 'C:/Users/i.azelkhanov/Documents/inkmax/node_modules/lucide-react/dist/esm/icons
/alert-triangle.js' implicitly has an 'any' type.
src/components/billing/FreemiumBlockLimit.tsx(4,19): error TS7016: Could not find a declaration file for module 'lucide
-react/dist/esm/icons/crown'. 'C:/Users/i.azelkhanov/Documents/inkmax/node_modules/lucide-react/dist/esm/icons/crown.js
' implicitly has an 'any' type.
src/components/billing/FreemiumBlockLimit.tsx(5,18): error TS7016: Could not find a declaration file for module 'lucide
-react/dist/esm/icons/lock'. 'C:/Users/i.azelkhanov/Documents/inkmax/node_modules/lucide-react/dist/esm/icons/lock.js' 
implicitly has an 'any' type.
src/components/billing/FreemiumWatermark.tsx(3,22): error TS7016: Could not find a declaration file for module 'lucide-
react/dist/esm/icons/sparkles'. 'C:/Users/i.azelkhanov/Documents/inkmax/node_modules/lucide-react/dist/esm/icons/sparkl
es.js' implicitly has an 'any' type.
src/components/billing/PremiumFeatureGate.tsx(7,19): error TS7016: Could not find a declaration file for module 'lucide
-react/dist/esm/icons/crown'. 'C:/Users/i.azelkhanov/Documents/inkmax/node_modules/lucide-react/dist/esm/icons/crown.js
' implicitly has an 'any' type.
src/components/billing/PremiumFeatureGate.tsx(8,22): error TS7016: Could not find a declaration file for module 'lucide
-react/dist/esm/icons/sparkles'. 'C:/Users/i.azelkhanov/Documents/inkmax/node_modules/lucide-react/dist/esm/icons/spark
les.js' implicitly has an 'any' type.
src/components/billing/PremiumFeatureGate.tsx(9,18): error TS7016: Could not find a declaration file for module 'lucide
-react/dist/esm/icons/lock'. 'C:/Users/i.azelkhanov/Documents/inkmax/node_modules/lucide-react/dist/esm/icons/lock.js' 
implicitly has an 'any' type.
src/components/billing/PremiumFeatureGate.tsx(68,72): error TS7053: Element implicitly has an 'any' type because expres
sion of type 'FreeTier' can't be used to index type '{ free: string; pro: string; }'.
src/components/billing/PremiumFeatureGate.tsx(88,19): error TS7053: Element implicitly has an 'any' type because expres
sion of type 'FreeTier' can't be used to index type '{ free: string; pro: string; }'.
src/components/billing/PremiumFeatureGate.tsx(98,75): error TS7053: Element implicitly has an 'any' type because expres
sion of type 'FreeTier' can't be used to index type '{ free: string; pro: string; }'.
src/components/billing/TierBadge.tsx(2,19): error TS7016: Could not find a declaration file for module 'lucide-react/di
st/esm/icons/crown'. 'C:/Users/i.azelkhanov/Documents/inkmax/node_modules/lucide-react/dist/esm/icons/crown.js' implici
tly has an 'any' type.
src/components/billing/TierBadge.tsx(3,17): error TS7016: Could not find a declaration file for module 'lucide-react/di
st/esm/icons/zap'. 'C:/Users/i.azelkhanov/Documents/inkmax/node_modules/lucide-react/dist/esm/icons/zap.js' implicitly 
has an 'any' type.
src/components/billing/TierBadge.tsx(27,18): error TS7053: Element implicitly has an 'any' type because expression of t
ype 'FreeTier' can't be used to index type '{ free: { label: string; icon: any; className: string; }; pro: { label: str
ing; icon: any; className: string; }; }'.
src/components/block-editors/AvatarBlockEditor.tsx(11,25): error TS7016: Could not find a declaration file for module '
lucide-react/dist/esm/icons/chevron-down'. 'C:/Users/i.azelkhanov/Documents/inkmax/node_modules/lucide-react/dist/esm/i
cons/chevron-down.js' implicitly has an 'any' type.
src/components/block-editors/BlockEditorShell.tsx(8,25): error TS7016: Could not find a declaration file for module 'lu
cide-react/dist/esm/icons/chevron-left'. 'C:/Users/i.azelkhanov/Documents/inkmax/node_modules/lucide-react/dist/esm/ico
ns/chevron-left.js' implicitly has an 'any' type.
src/components/block-editors/BlockEditorShell.tsx(9,19): error TS7016: Could not find a declaration file for module 'lu
cide-react/dist/esm/icons/check'. 'C:/Users/i.azelkhanov/Documents/inkmax/node_modules/lucide-react/dist/esm/icons/chec
k.js' implicitly has an 'any' type.
src/components/block-editors/BlockEditorShell.tsx(10,15): error TS7016: Could not find a declaration file for module 'l
ucide-react/dist/esm/icons/x'. 'C:/Users/i.azelkhanov/Documents/inkmax/node_modules/lucide-react/dist/esm/icons/x.js' i
mplicitly has an 'any' type.
src/components/block-editors/BlockEditorShell.tsx(11,17): error TS7016: Could not find a declaration file for module 'l
ucide-react/dist/esm/icons/eye'. 'C:/Users/i.azelkhanov/Documents/inkmax/node_modules/lucide-react/dist/esm/icons/eye.j
s' implicitly has an 'any' type.
src/components/block-editors/BlockEditorShell.tsx(12,20): error TS7016: Could not find a declaration file for module 'l
ucide-react/dist/esm/icons/eye-off'. 'C:/Users/i.azelkhanov/Documents/inkmax/node_modules/lucide-react/dist/esm/icons/e
ye-off.js' implicitly has an 'any' type.
src/components/block-editors/BlockEditorShell.tsx(13,18): error TS7016: Could not find a declaration file for module 'l
ucide-react/dist/esm/icons/type'. 'C:/Users/i.azelkhanov/Documents/inkmax/node_modules/lucide-react/dist/esm/icons/type
.js' implicitly has an 'any' type.
src/components/block-editors/BlockEditorShell.tsx(14,21): error TS7016: Could not find a declaration file for module 'l
ucide-react/dist/esm/icons/palette'. 'C:/Users/i.azelkhanov/Documents/inkmax/node_modules/lucide-react/dist/esm/icons/p
alette.js' implicitly has an 'any' type.
src/components/block-editors/BlockEditorShell.tsx(15,22): error TS7016: Could not find a declaration file for module 'l
ucide-react/dist/esm/icons/settings'. 'C:/Users/i.azelkhanov/Documents/inkmax/node_modules/lucide-react/dist/esm/icons/
settings.js' implicitly has an 'any' type.
src/components/block-editors/BlockEditorShell.tsx(16,21): error TS7016: Could not find a declaration file for module 'l
ucide-react/dist/esm/icons/loader-2'. 'C:/Users/i.azelkhanov/Documents/inkmax/node_modules/lucide-react/dist/esm/icons/
loader-2.js' implicitly has an 'any' type.
src/components/block-editors/BlockEditorShell.tsx(17,18): error TS7016: Could not find a declaration file for module 'l
ucide-react/dist/esm/icons/save'. 'C:/Users/i.azelkhanov/Documents/inkmax/node_modules/lucide-react/dist/esm/icons/save
.js' implicitly has an 'any' type.
src/components/block-editors/BlockEditorShell.tsx(18,19): error TS7016: Could not find a declaration file for module 'l
ucide-react/dist/esm/icons/clock'. 'C:/Users/i.azelkhanov/Documents/inkmax/node_modules/lucide-react/dist/esm/icons/clo
ck.js' implicitly has an 'any' type.
src/components/block-editors/BlockEditorShell.tsx(19,21): error TS7016: Could not find a declaration file for module 'l
ucide-react/dist/esm/icons/grid-2x2'. 'C:/Users/i.azelkhanov/Documents/inkmax/node_modules/lucide-react/dist/esm/icons/
grid-2x2.js' implicitly has an 'any' type.
src/components/block-editors/BlockEditorShell.tsx(20,33): error TS7016: Could not find a declaration file for module 'l
ucide-react/dist/esm/icons/rectangle-horizontal'. 'C:/Users/i.azelkhanov/Documents/inkmax/node_modules/lucide-react/dis
t/esm/icons/rectangle-horizontal.js' implicitly has an 'any' type.
src/components/block-editors/BlockEditorShell.tsx(21,31): error TS7016: Could not find a declaration file for module 'l
ucide-react/dist/esm/icons/rectangle-vertical'. 'C:/Users/i.azelkhanov/Documents/inkmax/node_modules/lucide-react/dist/
esm/icons/rectangle-vertical.js' implicitly has an 'any' type.
src/components/block-editors/BlockEditorShell.tsx(22,20): error TS7016: Could not find a declaration file for module 'l
ucide-react/dist/esm/icons/square'. 'C:/Users/i.azelkhanov/Documents/inkmax/node_modules/lucide-react/dist/esm/icons/sq
uare.js' implicitly has an 'any' type.
src/components/block-editors/BlockEditorShell.tsx(23,20): error TS7016: Could not find a declaration file for module 'l
ucide-react/dist/esm/icons/trash-2'. 'C:/Users/i.azelkhanov/Documents/inkmax/node_modules/lucide-react/dist/esm/icons/t
rash-2.js' implicitly has an 'any' type.
src/components/block-editors/BlockEditorWrapper.tsx(12,19): error TS7016: Could not find a declaration file for module 
'lucide-react/dist/esm/icons/crown'. 'C:/Users/i.azelkhanov/Documents/inkmax/node_modules/lucide-react/dist/esm/icons/c
rown.js' implicitly has an 'any' type.
src/components/block-editors/BlockEditorWrapper.tsx(13,18): error TS7016: Could not find a declaration file for module 
'lucide-react/dist/esm/icons/info'. 'C:/Users/i.azelkhanov/Documents/inkmax/node_modules/lucide-react/dist/esm/icons/in
fo.js' implicitly has an 'any' type.
src/components/block-editors/BlockEditorWrapper.tsx(14,26): error TS7016: Could not find a declaration file for module 
'lucide-react/dist/esm/icons/calendar'. 'C:/Users/i.azelkhanov/Documents/inkmax/node_modules/lucide-react/dist/esm/icon
s/calendar.js' implicitly has an 'any' type.
src/components/block-editors/BlockEditorWrapper.tsx(15,15): error TS7016: Could not find a declaration file for module 
'lucide-react/dist/esm/icons/x'. 'C:/Users/i.azelkhanov/Documents/inkmax/node_modules/lucide-react/dist/esm/icons/x.js'
 implicitly has an 'any' type.
src/components/block-editors/BlockEditorWrapper.tsx(16,25): error TS7016: Could not find a declaration file for module 
'lucide-react/dist/esm/icons/chevron-down'. 'C:/Users/i.azelkhanov/Documents/inkmax/node_modules/lucide-react/dist/esm/
icons/chevron-down.js' implicitly has an 'any' type.
src/components/block-editors/BlockEditorWrapper.tsx(17,23): error TS7016: Could not find a declaration file for module 
'lucide-react/dist/esm/icons/settings-2'. 'C:/Users/i.azelkhanov/Documents/inkmax/node_modules/lucide-react/dist/esm/ic
ons/settings-2.js' implicitly has an 'any' type.
src/components/block-editors/BlockEditorWrapper.tsx(18,21): error TS7016: Could not find a declaration file for module 
'lucide-react/dist/esm/icons/palette'. 'C:/Users/i.azelkhanov/Documents/inkmax/node_modules/lucide-react/dist/esm/icons
/palette.js' implicitly has an 'any' type.
src/components/block-editors/BlockEditorWrapper.tsx(19,22): error TS7016: Could not find a declaration file for module 
'lucide-react/dist/esm/icons/sparkles'. 'C:/Users/i.azelkhanov/Documents/inkmax/node_modules/lucide-react/dist/esm/icon
s/sparkles.js' implicitly has an 'any' type.
src/components/block-editors/BlockEditorWrapper.tsx(20,19): error TS7016: Could not find a declaration file for module 
'lucide-react/dist/esm/icons/wand-2'. 'C:/Users/i.azelkhanov/Documents/inkmax/node_modules/lucide-react/dist/esm/icons/
wand-2.js' implicitly has an 'any' type.
src/components/block-editors/BlockEditorWrapper.tsx(21,19): error TS7016: Could not find a declaration file for module 
'lucide-react/dist/esm/icons/clock'. 'C:/Users/i.azelkhanov/Documents/inkmax/node_modules/lucide-react/dist/esm/icons/c
lock.js' implicitly has an 'any' type.
src/components/block-editors/BookingBlockEditor.tsx(11,19): error TS7016: Could not find a declaration file for module 
'lucide-react/dist/esm/icons/clock'. 'C:/Users/i.azelkhanov/Documents/inkmax/node_modules/lucide-react/dist/esm/icons/c
lock.js' implicitly has an 'any' type.
src/components/block-editors/BookingBlockEditor.tsx(12,18): error TS7016: Could not find a declaration file for module 
'lucide-react/dist/esm/icons/plus'. 'C:/Users/i.azelkhanov/Documents/inkmax/node_modules/lucide-react/dist/esm/icons/pl
us.js' implicitly has an 'any' type.
src/components/block-editors/BookingBlockEditor.tsx(13,20): error TS7016: Could not find a declaration file for module 
'lucide-react/dist/esm/icons/trash-2'. 'C:/Users/i.azelkhanov/Documents/inkmax/node_modules/lucide-react/dist/esm/icons
/trash-2.js' implicitly has an 'any' type.
src/components/block-editors/BookingBlockEditor.tsx(14,26): error TS7016: Could not find a declaration file for module 
'lucide-react/dist/esm/icons/calendar-days'. 'C:/Users/i.azelkhanov/Documents/inkmax/node_modules/lucide-react/dist/esm
/icons/calendar-days.js' implicitly has an 'any' type.
src/components/block-editors/BookingBlockEditor.tsx(15,20): error TS7016: Could not find a declaration file for module 
'lucide-react/dist/esm/icons/wallet'. 'C:/Users/i.azelkhanov/Documents/inkmax/node_modules/lucide-react/dist/esm/icons/
wallet.js' implicitly has an 'any' type.
src/components/block-editors/BookingBlockEditor.tsx(16,18): error TS7016: Could not find a declaration file for module 
'lucide-react/dist/esm/icons/bell'. 'C:/Users/i.azelkhanov/Documents/inkmax/node_modules/lucide-react/dist/esm/icons/be
ll.js' implicitly has an 'any' type.
src/components/block-editors/BookingBlockEditor.tsx(17,22): error TS7016: Could not find a declaration file for module 
'lucide-react/dist/esm/icons/sparkles'. 'C:/Users/i.azelkhanov/Documents/inkmax/node_modules/lucide-react/dist/esm/icon
s/sparkles.js' implicitly has an 'any' type.
src/components/block-editors/BookingBlockEditor.tsx(18,26): error TS7016: Could not find a declaration file for module 
'lucide-react/dist/esm/icons/calendar-sync'. 'C:/Users/i.azelkhanov/Documents/inkmax/node_modules/lucide-react/dist/esm
/icons/calendar-sync.js' implicitly has an 'any' type.
src/components/block-editors/ButtonBlockEditor.tsx(13,23): error TS7016: Could not find a declaration file for module '
lucide-react/dist/esm/icons/maximize-2'. 'C:/Users/i.azelkhanov/Documents/inkmax/node_modules/lucide-react/dist/esm/ico
ns/maximize-2.js' implicitly has an 'any' type.
src/components/block-editors/ButtonBlockEditor.tsx(14,20): error TS7016: Could not find a declaration file for module '
lucide-react/dist/esm/icons/square'. 'C:/Users/i.azelkhanov/Documents/inkmax/node_modules/lucide-react/dist/esm/icons/s
quare.js' implicitly has an 'any' type.
src/components/block-editors/ButtonBlockEditor.tsx(15,19): error TS7016: Could not find a declaration file for module '
lucide-react/dist/esm/icons/minus'. 'C:/Users/i.azelkhanov/Documents/inkmax/node_modules/lucide-react/dist/esm/icons/mi
nus.js' implicitly has an 'any' type.
src/components/block-editors/ButtonBlockEditor.tsx(16,18): error TS7016: Could not find a declaration file for module '
lucide-react/dist/esm/icons/type'. 'C:/Users/i.azelkhanov/Documents/inkmax/node_modules/lucide-react/dist/esm/icons/typ
e.js' implicitly has an 'any' type.
src/components/block-editors/ButtonBlockEditor.tsx(17,21): error TS7016: Could not find a declaration file for module '
lucide-react/dist/esm/icons/palette'. 'C:/Users/i.azelkhanov/Documents/inkmax/node_modules/lucide-react/dist/esm/icons/
palette.js' implicitly has an 'any' type.
src/components/block-editors/ButtonBlockEditor.tsx(18,31): error TS7016: Could not find a declaration file for module '
lucide-react/dist/esm/icons/mouse-pointer-click'. 'C:/Users/i.azelkhanov/Documents/inkmax/node_modules/lucide-react/dis
t/esm/icons/mouse-pointer-click.js' implicitly has an 'any' type.
src/components/block-editors/ButtonBlockEditor.tsx(19,23): error TS7016: Could not find a declaration file for module '
lucide-react/dist/esm/icons/align-left'. 'C:/Users/i.azelkhanov/Documents/inkmax/node_modules/lucide-react/dist/esm/ico
ns/align-left.js' implicitly has an 'any' type.
src/components/block-editors/ButtonBlockEditor.tsx(20,25): error TS7016: Could not find a declaration file for module '
lucide-react/dist/esm/icons/align-center'. 'C:/Users/i.azelkhanov/Documents/inkmax/node_modules/lucide-react/dist/esm/i
cons/align-center.js' implicitly has an 'any' type.
src/components/block-editors/ButtonBlockEditor.tsx(21,24): error TS7016: Could not find a declaration file for module '
lucide-react/dist/esm/icons/align-right'. 'C:/Users/i.azelkhanov/Documents/inkmax/node_modules/lucide-react/dist/esm/ic
ons/align-right.js' implicitly has an 'any' type.
src/components/block-editors/ButtonBlockEditor.tsx(22,18): error TS7016: Could not find a declaration file for module '
lucide-react/dist/esm/icons/move'. 'C:/Users/i.azelkhanov/Documents/inkmax/node_modules/lucide-react/dist/esm/icons/mov
e.js' implicitly has an 'any' type.
src/components/block-editors/CarouselBlockEditor.tsx(8,20): error TS7016: Could not find a declaration file for module 
'lucide-react/dist/esm/icons/trash-2'. 'C:/Users/i.azelkhanov/Documents/inkmax/node_modules/lucide-react/dist/esm/icons
/trash-2.js' implicitly has an 'any' type.
src/components/block-editors/CatalogBlockEditor.tsx(10,18): error TS7016: Could not find a declaration file for module 
'lucide-react/dist/esm/icons/plus'. 'C:/Users/i.azelkhanov/Documents/inkmax/node_modules/lucide-react/dist/esm/icons/pl
us.js' implicitly has an 'any' type.
src/components/block-editors/CatalogBlockEditor.tsx(11,20): error TS7016: Could not find a declaration file for module 
'lucide-react/dist/esm/icons/trash-2'. 'C:/Users/i.azelkhanov/Documents/inkmax/node_modules/lucide-react/dist/esm/icons
/trash-2.js' implicitly has an 'any' type.


